{"timestamp":"2026-04-03T21:49:35.699049Z","level":"info","event":"Stats instance was created in PID 47208 but accessed in PID 47416. Re-initializing.","logger":"airflow.stats","filename":"stats.py","lineno":57}
{"timestamp":"2026-04-03T21:49:35.704785Z","level":"warning","event":"Could not import pandas. Holidays will not be considered.","logger":"airflow.example_dags.plugins.workday","filename":"workday.py","lineno":41}
{"timestamp":"2026-04-03T21:49:35.724837Z","level":"info","event":"DAG bundles loaded: dags-folder, example_dags","logger":"airflow.dag_processing.bundles.manager.DagBundlesManager","filename":"manager.py","lineno":179}
{"timestamp":"2026-04-03T21:49:35.726295Z","level":"info","event":"Filling up the DagBag from /Users/kelvinaliche/Desktop/Projects/airflow/dags/ecommerce_event_pipeline.py","logger":"airflow.models.dagbag.BundleDagBag","filename":"dagbag.py","lineno":593}
{"timestamp":"2026-04-03T21:49:35.743681Z","level":"warning","event":"The `airflow.operators.bash.BashOperator` attribute is deprecated. Please use `'airflow.providers.standard.operators.bash.BashOperator'`.","category":"DeprecatedImportWarning","filename":"/Users/kelvinaliche/Desktop/Projects/airflow/dags/ecommerce_event_pipeline.py","lineno":5,"logger":"py.warnings"}
{"timestamp":"2026-04-03T21:49:35.766168Z","level":"info","event":"Task instance is in running state","logger":"task.stdout"}
{"timestamp":"2026-04-03T21:49:35.766333Z","level":"info","event":" Previous state of the Task instance: TaskInstanceState.QUEUED","logger":"task.stdout"}
{"timestamp":"2026-04-03T21:49:35.766726Z","level":"info","event":"Current task name:build_silver","logger":"task.stdout"}
{"timestamp":"2026-04-03T21:49:35.766773Z","level":"info","event":"Dag name:ecommerce_event_pipeline","logger":"task.stdout"}
{"timestamp":"2026-04-03T21:49:35.767263Z","level":"info","event":"Tmp dir root location: /var/folders/jm/v83pnnfx6cd6xwc5xyvq5q100000gn/T","logger":"airflow.task.hooks.airflow.providers.standard.hooks.subprocess.SubprocessHook","filename":"subprocess.py","lineno":78}
{"timestamp":"2026-04-03T21:49:35.767796Z","level":"info","event":"Running command: ['/bin/bash', '-c', 'cd /Users/kelvinaliche/Desktop/Projects/airflow && python scripts/spark/silver_events.py']","logger":"airflow.task.hooks.airflow.providers.standard.hooks.subprocess.SubprocessHook","filename":"subprocess.py","lineno":80}
{"timestamp":"2026-04-03T21:49:35.772072Z","level":"info","event":"Output:","logger":"airflow.task.hooks.airflow.providers.standard.hooks.subprocess.SubprocessHook","filename":"subprocess.py","lineno":92}
{"timestamp":"2026-04-03T21:49:36.413529Z","level":"info","event":"WARNING: Using incubator modules: jdk.incubator.vector","logger":"airflow.task.hooks.airflow.providers.standard.hooks.subprocess.SubprocessHook","filename":"subprocess.py","lineno":99}
{"timestamp":"2026-04-03T21:49:37.271744Z","level":"info","event":"Using Spark's default log4j profile: org/apache/spark/log4j2-defaults.properties","logger":"airflow.task.hooks.airflow.providers.standard.hooks.subprocess.SubprocessHook","filename":"subprocess.py","lineno":99}
{"timestamp":"2026-04-03T21:49:37.327117Z","level":"info","event":"26/04/04 00:49:37 WARN Utils: Your hostname, Kelvins-MacBook-Air.local, resolves to a loopback address: 127.0.0.1; using 192.168.101.111 instead (on interface en0)","logger":"airflow.task.hooks.airflow.providers.standard.hooks.subprocess.SubprocessHook","filename":"subprocess.py","lineno":99}
{"timestamp":"2026-04-03T21:49:37.330144Z","level":"info","event":"26/04/04 00:49:37 WARN Utils: Set SPARK_LOCAL_IP if you need to bind to another address","logger":"airflow.task.hooks.airflow.providers.standard.hooks.subprocess.SubprocessHook","filename":"subprocess.py","lineno":99}
{"timestamp":"2026-04-03T21:49:37.607493Z","level":"info","event":"Using Spark's default log4j profile: org/apache/spark/log4j2-defaults.properties","logger":"airflow.task.hooks.airflow.providers.standard.hooks.subprocess.SubprocessHook","filename":"subprocess.py","lineno":99}
{"timestamp":"2026-04-03T21:49:37.607692Z","level":"info","event":"Setting default log level to \"WARN\".","logger":"airflow.task.hooks.airflow.providers.standard.hooks.subprocess.SubprocessHook","filename":"subprocess.py","lineno":99}
{"timestamp":"2026-04-03T21:49:37.607832Z","level":"info","event":"To adjust logging level use sc.setLogLevel(newLevel). For SparkR, use setLogLevel(newLevel).","logger":"airflow.task.hooks.airflow.providers.standard.hooks.subprocess.SubprocessHook","filename":"subprocess.py","lineno":99}
{"timestamp":"2026-04-03T21:49:37.869315Z","level":"info","event":"26/04/04 00:49:37 WARN NativeCodeLoader: Unable to load native-hadoop library for your platform... using builtin-java classes where applicable","logger":"airflow.task.hooks.airflow.providers.standard.hooks.subprocess.SubprocessHook","filename":"subprocess.py","lineno":99}
{"timestamp":"2026-04-03T21:49:50.994490Z","level":"info","event":"\r[Stage 4:===========>                                               (1 + 4) / 5]\r\r                                                                                \r\r[Stage 36:>                                                         (0 + 1) / 1]\r\r                                                                                \r[INFO] Bronze row count: 128","logger":"airflow.task.hooks.airflow.providers.standard.hooks.subprocess.SubprocessHook","filename":"subprocess.py","lineno":99}
{"timestamp":"2026-04-03T21:49:50.995594Z","level":"info","event":"[WARN] Dropping 7 rows with null event_id","logger":"airflow.task.hooks.airflow.providers.standard.hooks.subprocess.SubprocessHook","filename":"subprocess.py","lineno":99}
{"timestamp":"2026-04-03T21:49:50.995695Z","level":"info","event":"[QC] Null event_timestamp : 10","logger":"airflow.task.hooks.airflow.providers.standard.hooks.subprocess.SubprocessHook","filename":"subprocess.py","lineno":99}
{"timestamp":"2026-04-03T21:49:50.995742Z","level":"info","event":"[QC] Null ingested_at     : 0","logger":"airflow.task.hooks.airflow.providers.standard.hooks.subprocess.SubprocessHook","filename":"subprocess.py","lineno":99}
{"timestamp":"2026-04-03T21:49:50.995813Z","level":"info","event":"[QC] Null quantity (diag) : 74  — expected for non-commerce events","logger":"airflow.task.hooks.airflow.providers.standard.hooks.subprocess.SubprocessHook","filename":"subprocess.py","lineno":99}
{"timestamp":"2026-04-03T21:49:50.995956Z","level":"info","event":"[QC] Null price    (diag) : 95  — expected for non-commerce events","logger":"airflow.task.hooks.airflow.providers.standard.hooks.subprocess.SubprocessHook","filename":"subprocess.py","lineno":99}
{"timestamp":"2026-04-03T21:49:50.996108Z","level":"info","event":"[INFO] Silver row count after dedup : 118","logger":"airflow.task.hooks.airflow.providers.standard.hooks.subprocess.SubprocessHook","filename":"subprocess.py","lineno":99}
{"timestamp":"2026-04-03T21:49:50.996223Z","level":"info","event":"[INFO] Duplicates removed           : 3","logger":"airflow.task.hooks.airflow.providers.standard.hooks.subprocess.SubprocessHook","filename":"subprocess.py","lineno":99}
{"timestamp":"2026-04-03T21:49:50.996253Z","level":"info","event":"[INFO] Silver layer write complete.","logger":"airflow.task.hooks.airflow.providers.standard.hooks.subprocess.SubprocessHook","filename":"subprocess.py","lineno":99}
{"timestamp":"2026-04-03T21:49:51.509066Z","level":"info","event":"Command exited with return code 0","logger":"airflow.task.hooks.airflow.providers.standard.hooks.subprocess.SubprocessHook","filename":"subprocess.py","lineno":103}
{"timestamp":"2026-04-03T21:49:51.511283Z","level":"info","event":"Pushing xcom","ti":"RuntimeTaskInstance(id=UUID('019d5552-3091-74a7-ba86-f971d0ee3630'), task_id='build_silver', dag_id='ecommerce_event_pipeline', run_id='scheduled__2026-04-03T08:00:00+00:00', try_number=1, dag_version_id=UUID('019d5546-5ef5-7ebb-b5ff-0dae914d2087'), map_index=-1, hostname='kelvins-macbook-air.local', context_carrier={}, task=<Task(BashOperator): build_silver>, bundle_instance=LocalDagBundle(name=dags-folder), max_tries=0, start_date=datetime.datetime(2026, 4, 3, 21, 49, 35, 656986, tzinfo=datetime.timezone.utc), end_date=None, state=<TaskInstanceState.RUNNING: 'running'>, is_mapped=False, rendered_map_index=None)","logger":"task","filename":"task_runner.py","lineno":1573}
{"timestamp":"2026-04-03T21:49:51.546046Z","level":"info","event":"Task instance in success state","logger":"task.stdout"}
{"timestamp":"2026-04-03T21:49:51.546237Z","level":"info","event":" Previous state of the Task instance: TaskInstanceState.RUNNING","logger":"task.stdout"}
{"timestamp":"2026-04-03T21:49:51.547499Z","level":"info","event":"Task operator:<Task(BashOperator): build_silver>","logger":"task.stdout"}
