{"timestamp":"2026-04-03T21:49:13.416746Z","level":"info","event":"Stats instance was created in PID 47215 but accessed in PID 47229. Re-initializing.","logger":"airflow.stats","filename":"stats.py","lineno":57}
{"timestamp":"2026-04-03T21:49:13.433349Z","level":"warning","event":"Could not import pandas. Holidays will not be considered.","logger":"airflow.example_dags.plugins.workday","filename":"workday.py","lineno":41}
{"timestamp":"2026-04-03T21:49:13.464197Z","level":"info","event":"DAG bundles loaded: dags-folder, example_dags","logger":"airflow.dag_processing.bundles.manager.DagBundlesManager","filename":"manager.py","lineno":179}
{"timestamp":"2026-04-03T21:49:13.464852Z","level":"info","event":"Filling up the DagBag from /Users/kelvinaliche/Desktop/Projects/airflow/dags/ecommerce_event_pipeline.py","logger":"airflow.models.dagbag.BundleDagBag","filename":"dagbag.py","lineno":593}
{"timestamp":"2026-04-03T21:49:13.485851Z","level":"warning","event":"The `airflow.operators.bash.BashOperator` attribute is deprecated. Please use `'airflow.providers.standard.operators.bash.BashOperator'`.","category":"DeprecatedImportWarning","filename":"/Users/kelvinaliche/Desktop/Projects/airflow/dags/ecommerce_event_pipeline.py","lineno":5,"logger":"py.warnings"}
{"timestamp":"2026-04-03T21:49:13.536718Z","level":"info","event":"Task instance is in running state","logger":"task.stdout"}
{"timestamp":"2026-04-03T21:49:13.536838Z","level":"info","event":" Previous state of the Task instance: TaskInstanceState.QUEUED","logger":"task.stdout"}
{"timestamp":"2026-04-03T21:49:13.537265Z","level":"info","event":"Current task name:generate_raw_events","logger":"task.stdout"}
{"timestamp":"2026-04-03T21:49:13.537319Z","level":"info","event":"Dag name:ecommerce_event_pipeline","logger":"task.stdout"}
{"timestamp":"2026-04-03T21:49:13.537774Z","level":"info","event":"Tmp dir root location: /var/folders/jm/v83pnnfx6cd6xwc5xyvq5q100000gn/T","logger":"airflow.task.hooks.airflow.providers.standard.hooks.subprocess.SubprocessHook","filename":"subprocess.py","lineno":78}
{"timestamp":"2026-04-03T21:49:13.538394Z","level":"info","event":"Running command: ['/bin/bash', '-c', 'cd /Users/kelvinaliche/Desktop/Projects/airflow && python scripts/generate_fake_events.py --count 25']","logger":"airflow.task.hooks.airflow.providers.standard.hooks.subprocess.SubprocessHook","filename":"subprocess.py","lineno":80}
{"timestamp":"2026-04-03T21:49:13.542580Z","level":"info","event":"Output:","logger":"airflow.task.hooks.airflow.providers.standard.hooks.subprocess.SubprocessHook","filename":"subprocess.py","lineno":92}
{"timestamp":"2026-04-03T21:49:14.375102Z","level":"info","event":"[INFO] Wrote 25 records to data/raw/page_views/page_views.json","logger":"airflow.task.hooks.airflow.providers.standard.hooks.subprocess.SubprocessHook","filename":"subprocess.py","lineno":99}
{"timestamp":"2026-04-03T21:49:14.375600Z","level":"info","event":"[INFO] Wrote 26 records to data/raw/product_clicks/product_clicks.json","logger":"airflow.task.hooks.airflow.providers.standard.hooks.subprocess.SubprocessHook","filename":"subprocess.py","lineno":99}
{"timestamp":"2026-04-03T21:49:14.375929Z","level":"info","event":"[INFO] Wrote 26 records to data/raw/add_to_cart/add_to_cart.json","logger":"airflow.task.hooks.airflow.providers.standard.hooks.subprocess.SubprocessHook","filename":"subprocess.py","lineno":99}
{"timestamp":"2026-04-03T21:49:14.376030Z","level":"info","event":"[INFO] Wrote 25 records to data/raw/purchases/purchases.json","logger":"airflow.task.hooks.airflow.providers.standard.hooks.subprocess.SubprocessHook","filename":"subprocess.py","lineno":99}
{"timestamp":"2026-04-03T21:49:14.376083Z","level":"info","event":"[INFO] Wrote 26 records to data/raw/user_sessions/user_sessions.json","logger":"airflow.task.hooks.airflow.providers.standard.hooks.subprocess.SubprocessHook","filename":"subprocess.py","lineno":99}
{"timestamp":"2026-04-03T21:49:14.422404Z","level":"info","event":"Command exited with return code 0","logger":"airflow.task.hooks.airflow.providers.standard.hooks.subprocess.SubprocessHook","filename":"subprocess.py","lineno":103}
{"timestamp":"2026-04-03T21:49:14.424341Z","level":"info","event":"Pushing xcom","ti":"RuntimeTaskInstance(id=UUID('019d5552-308f-7098-8421-55ec36b9fbd8'), task_id='generate_raw_events', dag_id='ecommerce_event_pipeline', run_id='scheduled__2026-04-03T08:00:00+00:00', try_number=1, dag_version_id=UUID('019d5546-5ef5-7ebb-b5ff-0dae914d2087'), map_index=-1, hostname='kelvins-macbook-air.local', context_carrier={}, task=<Task(BashOperator): generate_raw_events>, bundle_instance=LocalDagBundle(name=dags-folder), max_tries=0, start_date=datetime.datetime(2026, 4, 3, 21, 49, 11, 246480, tzinfo=datetime.timezone.utc), end_date=None, state=<TaskInstanceState.RUNNING: 'running'>, is_mapped=False, rendered_map_index=None)","logger":"task","filename":"task_runner.py","lineno":1573}
{"timestamp":"2026-04-03T21:49:14.472339Z","level":"info","event":"Task instance in success state","logger":"task.stdout"}
{"timestamp":"2026-04-03T21:49:14.472492Z","level":"info","event":" Previous state of the Task instance: TaskInstanceState.RUNNING","logger":"task.stdout"}
{"timestamp":"2026-04-03T21:49:14.473835Z","level":"info","event":"Task operator:<Task(BashOperator): generate_raw_events>","logger":"task.stdout"}
