{"timestamp":"2026-04-03T21:49:52.473815Z","level":"info","event":"Stats instance was created in PID 47209 but accessed in PID 47490. Re-initializing.","logger":"airflow.stats","filename":"stats.py","lineno":57}
{"timestamp":"2026-04-03T21:49:52.478770Z","level":"warning","event":"Could not import pandas. Holidays will not be considered.","logger":"airflow.example_dags.plugins.workday","filename":"workday.py","lineno":41}
{"timestamp":"2026-04-03T21:49:52.505135Z","level":"info","event":"DAG bundles loaded: dags-folder, example_dags","logger":"airflow.dag_processing.bundles.manager.DagBundlesManager","filename":"manager.py","lineno":179}
{"timestamp":"2026-04-03T21:49:52.505834Z","level":"info","event":"Filling up the DagBag from /Users/kelvinaliche/Desktop/Projects/airflow/dags/ecommerce_event_pipeline.py","logger":"airflow.models.dagbag.BundleDagBag","filename":"dagbag.py","lineno":593}
{"timestamp":"2026-04-03T21:49:52.535015Z","level":"warning","event":"The `airflow.operators.bash.BashOperator` attribute is deprecated. Please use `'airflow.providers.standard.operators.bash.BashOperator'`.","category":"DeprecatedImportWarning","filename":"/Users/kelvinaliche/Desktop/Projects/airflow/dags/ecommerce_event_pipeline.py","lineno":5,"logger":"py.warnings"}
{"timestamp":"2026-04-03T21:49:52.578050Z","level":"info","event":"Task instance is in running state","logger":"task.stdout"}
{"timestamp":"2026-04-03T21:49:52.578233Z","level":"info","event":" Previous state of the Task instance: TaskInstanceState.QUEUED","logger":"task.stdout"}
{"timestamp":"2026-04-03T21:49:52.578622Z","level":"info","event":"Current task name:build_gold","logger":"task.stdout"}
{"timestamp":"2026-04-03T21:49:52.578724Z","level":"info","event":"Dag name:ecommerce_event_pipeline","logger":"task.stdout"}
{"timestamp":"2026-04-03T21:49:52.579416Z","level":"info","event":"Tmp dir root location: /var/folders/jm/v83pnnfx6cd6xwc5xyvq5q100000gn/T","logger":"airflow.task.hooks.airflow.providers.standard.hooks.subprocess.SubprocessHook","filename":"subprocess.py","lineno":78}
{"timestamp":"2026-04-03T21:49:52.580252Z","level":"info","event":"Running command: ['/bin/bash', '-c', 'cd /Users/kelvinaliche/Desktop/Projects/airflow && python scripts/spark/gold_metrics.py']","logger":"airflow.task.hooks.airflow.providers.standard.hooks.subprocess.SubprocessHook","filename":"subprocess.py","lineno":80}
{"timestamp":"2026-04-03T21:49:52.585140Z","level":"info","event":"Output:","logger":"airflow.task.hooks.airflow.providers.standard.hooks.subprocess.SubprocessHook","filename":"subprocess.py","lineno":92}
{"timestamp":"2026-04-03T21:49:53.263630Z","level":"info","event":"WARNING: Using incubator modules: jdk.incubator.vector","logger":"airflow.task.hooks.airflow.providers.standard.hooks.subprocess.SubprocessHook","filename":"subprocess.py","lineno":99}
{"timestamp":"2026-04-03T21:49:54.345782Z","level":"info","event":"Using Spark's default log4j profile: org/apache/spark/log4j2-defaults.properties","logger":"airflow.task.hooks.airflow.providers.standard.hooks.subprocess.SubprocessHook","filename":"subprocess.py","lineno":99}
{"timestamp":"2026-04-03T21:49:54.420051Z","level":"info","event":"26/04/04 00:49:54 WARN Utils: Your hostname, Kelvins-MacBook-Air.local, resolves to a loopback address: 127.0.0.1; using 192.168.101.111 instead (on interface en0)","logger":"airflow.task.hooks.airflow.providers.standard.hooks.subprocess.SubprocessHook","filename":"subprocess.py","lineno":99}
{"timestamp":"2026-04-03T21:49:54.424390Z","level":"info","event":"26/04/04 00:49:54 WARN Utils: Set SPARK_LOCAL_IP if you need to bind to another address","logger":"airflow.task.hooks.airflow.providers.standard.hooks.subprocess.SubprocessHook","filename":"subprocess.py","lineno":99}
{"timestamp":"2026-04-03T21:49:54.798691Z","level":"info","event":"Using Spark's default log4j profile: org/apache/spark/log4j2-defaults.properties","logger":"airflow.task.hooks.airflow.providers.standard.hooks.subprocess.SubprocessHook","filename":"subprocess.py","lineno":99}
{"timestamp":"2026-04-03T21:49:54.798932Z","level":"info","event":"Setting default log level to \"WARN\".","logger":"airflow.task.hooks.airflow.providers.standard.hooks.subprocess.SubprocessHook","filename":"subprocess.py","lineno":99}
{"timestamp":"2026-04-03T21:49:54.799014Z","level":"info","event":"To adjust logging level use sc.setLogLevel(newLevel). For SparkR, use setLogLevel(newLevel).","logger":"airflow.task.hooks.airflow.providers.standard.hooks.subprocess.SubprocessHook","filename":"subprocess.py","lineno":99}
{"timestamp":"2026-04-03T21:49:55.134104Z","level":"info","event":"26/04/04 00:49:55 WARN NativeCodeLoader: Unable to load native-hadoop library for your platform... using builtin-java classes where applicable","logger":"airflow.task.hooks.airflow.providers.standard.hooks.subprocess.SubprocessHook","filename":"subprocess.py","lineno":99}
{"timestamp":"2026-04-03T21:50:04.141120Z","level":"info","event":"\r[Stage 0:>                                                          (0 + 5) / 5]\r\r                                                                                \r\r[Stage 1:>                                                          (0 + 1) / 1]\r\r                                                                                \r+----------+-------------+--------------+","logger":"airflow.task.hooks.airflow.providers.standard.hooks.subprocess.SubprocessHook","filename":"subprocess.py","lineno":99}
{"timestamp":"2026-04-03T21:50:04.142345Z","level":"info","event":"|event_date|total_revenue|purchase_count|","logger":"airflow.task.hooks.airflow.providers.standard.hooks.subprocess.SubprocessHook","filename":"subprocess.py","lineno":99}
{"timestamp":"2026-04-03T21:50:04.142392Z","level":"info","event":"+----------+-------------+--------------+","logger":"airflow.task.hooks.airflow.providers.standard.hooks.subprocess.SubprocessHook","filename":"subprocess.py","lineno":99}
{"timestamp":"2026-04-03T21:50:04.142427Z","level":"info","event":"|2026-03-07|621.84       |1             |","logger":"airflow.task.hooks.airflow.providers.standard.hooks.subprocess.SubprocessHook","filename":"subprocess.py","lineno":99}
{"timestamp":"2026-04-03T21:50:04.142458Z","level":"info","event":"|2026-03-08|84.8         |1             |","logger":"airflow.task.hooks.airflow.providers.standard.hooks.subprocess.SubprocessHook","filename":"subprocess.py","lineno":99}
{"timestamp":"2026-04-03T21:50:04.142488Z","level":"info","event":"|2026-03-09|289.64       |1             |","logger":"airflow.task.hooks.airflow.providers.standard.hooks.subprocess.SubprocessHook","filename":"subprocess.py","lineno":99}
{"timestamp":"2026-04-03T21:50:04.142514Z","level":"info","event":"|2026-03-12|123.72       |1             |","logger":"airflow.task.hooks.airflow.providers.standard.hooks.subprocess.SubprocessHook","filename":"subprocess.py","lineno":99}
{"timestamp":"2026-04-03T21:50:04.142549Z","level":"info","event":"|2026-03-14|189.99       |1             |","logger":"airflow.task.hooks.airflow.providers.standard.hooks.subprocess.SubprocessHook","filename":"subprocess.py","lineno":99}
{"timestamp":"2026-04-03T21:50:04.142571Z","level":"info","event":"+----------+-------------+--------------+","logger":"airflow.task.hooks.airflow.providers.standard.hooks.subprocess.SubprocessHook","filename":"subprocess.py","lineno":99}
{"timestamp":"2026-04-03T21:50:04.142593Z","level":"info","event":"only showing top 5 rows","logger":"airflow.task.hooks.airflow.providers.standard.hooks.subprocess.SubprocessHook","filename":"subprocess.py","lineno":99}
{"timestamp":"2026-04-03T21:50:04.654359Z","level":"info","event":"Command exited with return code 0","logger":"airflow.task.hooks.airflow.providers.standard.hooks.subprocess.SubprocessHook","filename":"subprocess.py","lineno":103}
{"timestamp":"2026-04-03T21:50:04.657416Z","level":"info","event":"Pushing xcom","ti":"RuntimeTaskInstance(id=UUID('019d5552-3092-73f1-9fc0-6e1524f3b5e1'), task_id='build_gold', dag_id='ecommerce_event_pipeline', run_id='scheduled__2026-04-03T08:00:00+00:00', try_number=1, dag_version_id=UUID('019d5546-5ef5-7ebb-b5ff-0dae914d2087'), map_index=-1, hostname='kelvins-macbook-air.local', context_carrier={}, task=<Task(BashOperator): build_gold>, bundle_instance=LocalDagBundle(name=dags-folder), max_tries=0, start_date=datetime.datetime(2026, 4, 3, 21, 49, 52, 437692, tzinfo=datetime.timezone.utc), end_date=None, state=<TaskInstanceState.RUNNING: 'running'>, is_mapped=False, rendered_map_index=None)","logger":"task","filename":"task_runner.py","lineno":1573}
{"timestamp":"2026-04-03T21:50:04.702627Z","level":"info","event":"Task instance in success state","logger":"task.stdout"}
{"timestamp":"2026-04-03T21:50:04.702823Z","level":"info","event":" Previous state of the Task instance: TaskInstanceState.RUNNING","logger":"task.stdout"}
{"timestamp":"2026-04-03T21:50:04.704104Z","level":"info","event":"Task operator:<Task(BashOperator): build_gold>","logger":"task.stdout"}
